// Jest Snapshot v1, https://goo.gl/fbAQLP

exports[`Versions dropdown not shown when no versions required (empty) 1`] = `null`;

exports[`Versions dropdown not shown when no versions required (null) 1`] = `null`;

exports[`Versions dropdown shows the supplied versions 1`] = `
<div
  id="blabbr-version-history"
>
  <div
    className="dropdown"
  >
    <button
      className="dropbtn"
    >
      0.3.6
    </button>
    <div
      className="dropdown-content"
    >
      <a
        href="about://:/0.0.3/"
        target="_parent"
      >
        0.0.3
      </a>
      <a
        href="about://:/0.0.2/"
        target="_parent"
      >
        0.0.2
      </a>
      <a
        href="about://:/0.0.1/"
        target="_parent"
      >
        0.0.1
      </a>
    </div>
  </div>
</div>
`;
